gdb a.out
GNU gdb (Ubuntu 8.1.1-0ubuntu1) 8.1.1
Copyright (C) 2018 Free Software Foundation, Inc.
License GPLv3+: GNU GPL version 3 or later <http://gnu.org/licenses/gpl.html>
This is free software: you are free to change and redistribute it.
There is NO WARRANTY, to the extent permitted by law.  Type "show copying"
and "show warranty" for details.
This GDB was configured as "x86_64-linux-gnu".
Type "show configuration" for configuration details.
For bug reporting instructions, please see:
<http://www.gnu.org/software/gdb/bugs/>.
Find the GDB manual and other documentation resources online at:
<http://www.gnu.org/software/gdb/documentation/>.
For help, type "help".
Type "apropos word" to search for commands related to "word"...
Reading symbols from a.out...done.
(gdb) b main
Breakpoint 1 at 0x84d: file p7original.c, line 34.
(gdb) r
Starting program: /home/runner/pps-test1-BONAGIRIMOUNIKA-7/a.out 
warning: Error disabling address space randomization: Operation not permitted

Breakpoint 1, main () at p7original.c:34
34  {
(gdb) n
36    n=input();
(gdb) n
enter the size of array5
37    int a[n];
(gdb) n
38    aray(n,a);
(gdb) n
enter the elements3
enter the elements6
enter the elements3
enter the elements5
enter the elements7
39    sum=add(n,a);
(gdb) n
40    output(sum);
(gdb) n
41    return 0;
(gdb) c
Continuing.
sum is 24[Inferior 1 (process 1036) exited normally]
